// Vitest Snapshot v1, https://vitest.dev/guide/snapshot.html

exports[`JoinDiscord > should be tested 1`] = `
"<button type="button" class="v-btn v-btn--icon v-theme--dark bg-blue rounded v-btn--density-default v-btn--size-small v-btn--variant-flat"><span class="v-btn__overlay"></span><span class="v-btn__underlay"></span>
  <!----><span class="v-btn__content" data-no-activator=""><i class="fas fa-share-alt mdi v-icon notranslate v-theme--dark v-icon--size-default" aria-hidden="true"></i></span>
  <!---->
  <!---->
</button>"
`;
